SShapovalov@SSHAPOVALOV-NB MINGW64 ~/Desktop/test
$ gitinit
bash: gitinit: command not found

SShapovalov@SSHAPOVALOV-NB MINGW64 ~/Desktop/test
$ git init
Initialized empty Git repository in C:/Users/sshapovalov/Desktop/test/.git/

SShapovalov@SSHAPOVALOV-NB MINGW64 ~/Desktop/test (main)
$ git status
On branch main

No commits yet

Untracked files:
  (use "git add <file>..." to include in what will be committed)
        README.md

nothing added to commit but untracked files present (use "git add" to track)

SShapovalov@SSHAPOVALOV-NB MINGW64 ~/Desktop/test (main)
$ git add README.md

SShapovalov@SSHAPOVALOV-NB MINGW64 ~/Desktop/test (main)
$ git status
On branch main

No commits yet

Changes to be committed:
  (use "git rm --cached <file>..." to unstage)
        new file:   README.md


SShapovalov@SSHAPOVALOV-NB MINGW64 ~/Desktop/test (main)
$ git commit -m "Initial commit"
[main (root-commit) 83a12ef] Initial commit
 1 file changed, 1 insertion(+)
 create mode 100644 README.md

SShapovalov@SSHAPOVALOV-NB MINGW64 ~/Desktop/test (main)
$ git status
On branch main
nothing to commit, working tree clean
